Archive member included to satisfy reference by file (symbol)

C:\Users\virskl\Documents\GitHub\Timer\TimerOne\PWM\TimerOne_AtmelStudio\TimerOne\ArduinoCore\Debug\libArduinoCore.a(main.o)
                              src/TimerOne.o (atexit)
C:\Users\virskl\Documents\GitHub\Timer\TimerOne\PWM\TimerOne_AtmelStudio\TimerOne\ArduinoCore\Debug\libArduinoCore.a(wiring.o)
                              C:\Users\virskl\Documents\GitHub\Timer\TimerOne\PWM\TimerOne_AtmelStudio\TimerOne\ArduinoCore\Debug\libArduinoCore.a(main.o) (init)
C:\Users\virskl\Documents\GitHub\Timer\TimerOne\PWM\TimerOne_AtmelStudio\TimerOne\ArduinoCore\Debug\libArduinoCore.a(wiring_digital.o)
                              src/TimerOne.o (pinMode)
C:\Users\virskl\Documents\GitHub\Timer\TimerOne\PWM\TimerOne_AtmelStudio\TimerOne\ArduinoCore\Debug\libArduinoCore.a(hooks.o)
                              C:\Users\virskl\Documents\GitHub\Timer\TimerOne\PWM\TimerOne_AtmelStudio\TimerOne\ArduinoCore\Debug\libArduinoCore.a(wiring.o) (yield)
c:/program files (x86)/atmel/studio/7.0/toolchain/avr8/avr8-gnu-toolchain/bin/../lib/gcc/avr/4.9.2/avr5\libgcc.a(_udivmodsi4.o)
                              src/TimerOne.o (__udivmodsi4)
c:/program files (x86)/atmel/studio/7.0/toolchain/avr8/avr8-gnu-toolchain/bin/../lib/gcc/avr/4.9.2/avr5\libgcc.a(_exit.o)
                              C:/Program Files (x86)/Atmel/Studio/7.0/Packs/atmel/ATmega_DFP/1.0.106/gcc/dev/atmega328p/avr5/crtatmega328p.o (exit)
c:/program files (x86)/atmel/studio/7.0/toolchain/avr8/avr8-gnu-toolchain/bin/../lib/gcc/avr/4.9.2/avr5\libgcc.a(_clear_bss.o)
                              src/TimerOne.o (__do_clear_bss)
c:/program files (x86)/atmel/studio/7.0/toolchain/avr8/avr8-gnu-toolchain/bin/../lib/gcc/avr/4.9.2/avr5\libgcc.a(_ctors.o)
                              src/TimerOne.o (__do_global_ctors)
c:/program files (x86)/atmel/studio/7.0/toolchain/avr8/avr8-gnu-toolchain/bin/../lib/gcc/avr/4.9.2/avr5\libgcc.a(_umulhisi3.o)
                              src/TimerOne.o (__umulhisi3)
c:/program files (x86)/atmel/studio/7.0/toolchain/avr8/avr8-gnu-toolchain/bin/../lib/gcc/avr/4.9.2/avr5\libgcc.a(_tablejump2.o)
                              c:/program files (x86)/atmel/studio/7.0/toolchain/avr8/avr8-gnu-toolchain/bin/../lib/gcc/avr/4.9.2/avr5\libgcc.a(_ctors.o) (__tablejump2__)

Discarded input sections

 .data          0x00000000        0x0 C:/Program Files (x86)/Atmel/Studio/7.0/Packs/atmel/ATmega_DFP/1.0.106/gcc/dev/atmega328p/avr5/crtatmega328p.o
 .bss           0x00000000        0x0 C:/Program Files (x86)/Atmel/Studio/7.0/Packs/atmel/ATmega_DFP/1.0.106/gcc/dev/atmega328p/avr5/crtatmega328p.o
 .text          0x00000000        0x0 Sketch.o
 .data          0x00000000        0x0 Sketch.o
 .bss           0x00000000        0x0 Sketch.o
 .text          0x00000000        0x0 src/TimerOne.o
 .data          0x00000000        0x0 src/TimerOne.o
 .bss           0x00000000        0x0 src/TimerOne.o
 .text._ZN8TimerOneC2Ev
                0x00000000        0xc src/TimerOne.o
 .text._ZN8TimerOneD2Ev
                0x00000000        0x2 src/TimerOne.o
 .text._ZN8TimerOne10disablePwmE18TimerOnePwmPinType
                0x00000000       0x26 src/TimerOne.o
 .text._ZN8TimerOne10setPwmDutyE18TimerOnePwmPinTypej
                0x00000000       0x4a src/TimerOne.o
 .text._ZN8TimerOne9enablePwmE18TimerOnePwmPinTypej
                0x00000000       0x6c src/TimerOne.o
 .text._ZN8TimerOne4stopEv
                0x00000000       0x12 src/TimerOne.o
 .text._ZN8TimerOne6resumeEv
                0x00000000       0x24 src/TimerOne.o
 .text._ZN8TimerOne15detachInterruptEv
                0x00000000        0xc src/TimerOne.o
 .text._ZN8TimerOne4readEPm
                0x00000000       0xe2 src/TimerOne.o
 .text          0x00000000        0x0 C:\Users\virskl\Documents\GitHub\Timer\TimerOne\PWM\TimerOne_AtmelStudio\TimerOne\ArduinoCore\Debug\libArduinoCore.a(main.o)
 .data          0x00000000        0x0 C:\Users\virskl\Documents\GitHub\Timer\TimerOne\PWM\TimerOne_AtmelStudio\TimerOne\ArduinoCore\Debug\libArduinoCore.a(main.o)
 .bss           0x00000000        0x0 C:\Users\virskl\Documents\GitHub\Timer\TimerOne\PWM\TimerOne_AtmelStudio\TimerOne\ArduinoCore\Debug\libArduinoCore.a(main.o)
 .text          0x00000000        0x0 C:\Users\virskl\Documents\GitHub\Timer\TimerOne\PWM\TimerOne_AtmelStudio\TimerOne\ArduinoCore\Debug\libArduinoCore.a(wiring.o)
 .data          0x00000000        0x0 C:\Users\virskl\Documents\GitHub\Timer\TimerOne\PWM\TimerOne_AtmelStudio\TimerOne\ArduinoCore\Debug\libArduinoCore.a(wiring.o)
 .bss           0x00000000        0x0 C:\Users\virskl\Documents\GitHub\Timer\TimerOne\PWM\TimerOne_AtmelStudio\TimerOne\ArduinoCore\Debug\libArduinoCore.a(wiring.o)
 .text.millis   0x00000000       0x18 C:\Users\virskl\Documents\GitHub\Timer\TimerOne\PWM\TimerOne_AtmelStudio\TimerOne\ArduinoCore\Debug\libArduinoCore.a(wiring.o)
 .text.micros   0x00000000       0x4a C:\Users\virskl\Documents\GitHub\Timer\TimerOne\PWM\TimerOne_AtmelStudio\TimerOne\ArduinoCore\Debug\libArduinoCore.a(wiring.o)
 .text.delay    0x00000000       0x50 C:\Users\virskl\Documents\GitHub\Timer\TimerOne\PWM\TimerOne_AtmelStudio\TimerOne\ArduinoCore\Debug\libArduinoCore.a(wiring.o)
 .text.delayMicroseconds
                0x00000000       0x14 C:\Users\virskl\Documents\GitHub\Timer\TimerOne\PWM\TimerOne_AtmelStudio\TimerOne\ArduinoCore\Debug\libArduinoCore.a(wiring.o)
 .text          0x00000000        0x0 C:\Users\virskl\Documents\GitHub\Timer\TimerOne\PWM\TimerOne_AtmelStudio\TimerOne\ArduinoCore\Debug\libArduinoCore.a(wiring_digital.o)
 .data          0x00000000        0x0 C:\Users\virskl\Documents\GitHub\Timer\TimerOne\PWM\TimerOne_AtmelStudio\TimerOne\ArduinoCore\Debug\libArduinoCore.a(wiring_digital.o)
 .bss           0x00000000        0x0 C:\Users\virskl\Documents\GitHub\Timer\TimerOne\PWM\TimerOne_AtmelStudio\TimerOne\ArduinoCore\Debug\libArduinoCore.a(wiring_digital.o)
 .text.turnOffPWM
                0x00000000       0x52 C:\Users\virskl\Documents\GitHub\Timer\TimerOne\PWM\TimerOne_AtmelStudio\TimerOne\ArduinoCore\Debug\libArduinoCore.a(wiring_digital.o)
 .text.pinMode  0x00000000       0x78 C:\Users\virskl\Documents\GitHub\Timer\TimerOne\PWM\TimerOne_AtmelStudio\TimerOne\ArduinoCore\Debug\libArduinoCore.a(wiring_digital.o)
 .text.digitalWrite
                0x00000000       0x60 C:\Users\virskl\Documents\GitHub\Timer\TimerOne\PWM\TimerOne_AtmelStudio\TimerOne\ArduinoCore\Debug\libArduinoCore.a(wiring_digital.o)
 .text.digitalRead
                0x00000000       0x52 C:\Users\virskl\Documents\GitHub\Timer\TimerOne\PWM\TimerOne_AtmelStudio\TimerOne\ArduinoCore\Debug\libArduinoCore.a(wiring_digital.o)
 .progmem.data.digital_pin_to_timer_PGM
                0x00000000       0x14 C:\Users\virskl\Documents\GitHub\Timer\TimerOne\PWM\TimerOne_AtmelStudio\TimerOne\ArduinoCore\Debug\libArduinoCore.a(wiring_digital.o)
 .progmem.data.digital_pin_to_bit_mask_PGM
                0x00000000       0x14 C:\Users\virskl\Documents\GitHub\Timer\TimerOne\PWM\TimerOne_AtmelStudio\TimerOne\ArduinoCore\Debug\libArduinoCore.a(wiring_digital.o)
 .progmem.data.digital_pin_to_port_PGM
                0x00000000       0x14 C:\Users\virskl\Documents\GitHub\Timer\TimerOne\PWM\TimerOne_AtmelStudio\TimerOne\ArduinoCore\Debug\libArduinoCore.a(wiring_digital.o)
 .progmem.data.port_to_input_PGM
                0x00000000        0xa C:\Users\virskl\Documents\GitHub\Timer\TimerOne\PWM\TimerOne_AtmelStudio\TimerOne\ArduinoCore\Debug\libArduinoCore.a(wiring_digital.o)
 .progmem.data.port_to_output_PGM
                0x00000000        0xa C:\Users\virskl\Documents\GitHub\Timer\TimerOne\PWM\TimerOne_AtmelStudio\TimerOne\ArduinoCore\Debug\libArduinoCore.a(wiring_digital.o)
 .progmem.data.port_to_mode_PGM
                0x00000000        0xa C:\Users\virskl\Documents\GitHub\Timer\TimerOne\PWM\TimerOne_AtmelStudio\TimerOne\ArduinoCore\Debug\libArduinoCore.a(wiring_digital.o)
 .debug_info    0x00000000      0x5f9 C:\Users\virskl\Documents\GitHub\Timer\TimerOne\PWM\TimerOne_AtmelStudio\TimerOne\ArduinoCore\Debug\libArduinoCore.a(wiring_digital.o)
 .debug_abbrev  0x00000000      0x15b C:\Users\virskl\Documents\GitHub\Timer\TimerOne\PWM\TimerOne_AtmelStudio\TimerOne\ArduinoCore\Debug\libArduinoCore.a(wiring_digital.o)
 .debug_loc     0x00000000      0x5e3 C:\Users\virskl\Documents\GitHub\Timer\TimerOne\PWM\TimerOne_AtmelStudio\TimerOne\ArduinoCore\Debug\libArduinoCore.a(wiring_digital.o)
 .debug_aranges
                0x00000000       0x38 C:\Users\virskl\Documents\GitHub\Timer\TimerOne\PWM\TimerOne_AtmelStudio\TimerOne\ArduinoCore\Debug\libArduinoCore.a(wiring_digital.o)
 .debug_ranges  0x00000000       0x28 C:\Users\virskl\Documents\GitHub\Timer\TimerOne\PWM\TimerOne_AtmelStudio\TimerOne\ArduinoCore\Debug\libArduinoCore.a(wiring_digital.o)
 .debug_line    0x00000000      0x252 C:\Users\virskl\Documents\GitHub\Timer\TimerOne\PWM\TimerOne_AtmelStudio\TimerOne\ArduinoCore\Debug\libArduinoCore.a(wiring_digital.o)
 .debug_str     0x00000000      0x2b1 C:\Users\virskl\Documents\GitHub\Timer\TimerOne\PWM\TimerOne_AtmelStudio\TimerOne\ArduinoCore\Debug\libArduinoCore.a(wiring_digital.o)
 .comment       0x00000000       0x31 C:\Users\virskl\Documents\GitHub\Timer\TimerOne\PWM\TimerOne_AtmelStudio\TimerOne\ArduinoCore\Debug\libArduinoCore.a(wiring_digital.o)
 .debug_frame   0x00000000       0x7c C:\Users\virskl\Documents\GitHub\Timer\TimerOne\PWM\TimerOne_AtmelStudio\TimerOne\ArduinoCore\Debug\libArduinoCore.a(wiring_digital.o)
 .text          0x00000000        0x0 C:\Users\virskl\Documents\GitHub\Timer\TimerOne\PWM\TimerOne_AtmelStudio\TimerOne\ArduinoCore\Debug\libArduinoCore.a(hooks.o)
 .data          0x00000000        0x0 C:\Users\virskl\Documents\GitHub\Timer\TimerOne\PWM\TimerOne_AtmelStudio\TimerOne\ArduinoCore\Debug\libArduinoCore.a(hooks.o)
 .bss           0x00000000        0x0 C:\Users\virskl\Documents\GitHub\Timer\TimerOne\PWM\TimerOne_AtmelStudio\TimerOne\ArduinoCore\Debug\libArduinoCore.a(hooks.o)
 .text.__empty  0x00000000        0x2 C:\Users\virskl\Documents\GitHub\Timer\TimerOne\PWM\TimerOne_AtmelStudio\TimerOne\ArduinoCore\Debug\libArduinoCore.a(hooks.o)
 .debug_info    0x00000000       0x3e C:\Users\virskl\Documents\GitHub\Timer\TimerOne\PWM\TimerOne_AtmelStudio\TimerOne\ArduinoCore\Debug\libArduinoCore.a(hooks.o)
 .debug_abbrev  0x00000000       0x2a C:\Users\virskl\Documents\GitHub\Timer\TimerOne\PWM\TimerOne_AtmelStudio\TimerOne\ArduinoCore\Debug\libArduinoCore.a(hooks.o)
 .debug_aranges
                0x00000000       0x20 C:\Users\virskl\Documents\GitHub\Timer\TimerOne\PWM\TimerOne_AtmelStudio\TimerOne\ArduinoCore\Debug\libArduinoCore.a(hooks.o)
 .debug_ranges  0x00000000       0x10 C:\Users\virskl\Documents\GitHub\Timer\TimerOne\PWM\TimerOne_AtmelStudio\TimerOne\ArduinoCore\Debug\libArduinoCore.a(hooks.o)
 .debug_line    0x00000000       0x41 C:\Users\virskl\Documents\GitHub\Timer\TimerOne\PWM\TimerOne_AtmelStudio\TimerOne\ArduinoCore\Debug\libArduinoCore.a(hooks.o)
 .debug_str     0x00000000      0x141 C:\Users\virskl\Documents\GitHub\Timer\TimerOne\PWM\TimerOne_AtmelStudio\TimerOne\ArduinoCore\Debug\libArduinoCore.a(hooks.o)
 .comment       0x00000000       0x31 C:\Users\virskl\Documents\GitHub\Timer\TimerOne\PWM\TimerOne_AtmelStudio\TimerOne\ArduinoCore\Debug\libArduinoCore.a(hooks.o)
 .debug_frame   0x00000000       0x24 C:\Users\virskl\Documents\GitHub\Timer\TimerOne\PWM\TimerOne_AtmelStudio\TimerOne\ArduinoCore\Debug\libArduinoCore.a(hooks.o)
 .text          0x00000000        0x0 c:/program files (x86)/atmel/studio/7.0/toolchain/avr8/avr8-gnu-toolchain/bin/../lib/gcc/avr/4.9.2/avr5\libgcc.a(_udivmodsi4.o)
 .data          0x00000000        0x0 c:/program files (x86)/atmel/studio/7.0/toolchain/avr8/avr8-gnu-toolchain/bin/../lib/gcc/avr/4.9.2/avr5\libgcc.a(_udivmodsi4.o)
 .bss           0x00000000        0x0 c:/program files (x86)/atmel/studio/7.0/toolchain/avr8/avr8-gnu-toolchain/bin/../lib/gcc/avr/4.9.2/avr5\libgcc.a(_udivmodsi4.o)
 .text.libgcc.mul
                0x00000000        0x0 c:/program files (x86)/atmel/studio/7.0/toolchain/avr8/avr8-gnu-toolchain/bin/../lib/gcc/avr/4.9.2/avr5\libgcc.a(_udivmodsi4.o)
 .text.libgcc.div
                0x00000000       0x44 c:/program files (x86)/atmel/studio/7.0/toolchain/avr8/avr8-gnu-toolchain/bin/../lib/gcc/avr/4.9.2/avr5\libgcc.a(_udivmodsi4.o)
 .text.libgcc   0x00000000        0x0 c:/program files (x86)/atmel/studio/7.0/toolchain/avr8/avr8-gnu-toolchain/bin/../lib/gcc/avr/4.9.2/avr5\libgcc.a(_udivmodsi4.o)
 .text.libgcc.prologue
                0x00000000        0x0 c:/program files (x86)/atmel/studio/7.0/toolchain/avr8/avr8-gnu-toolchain/bin/../lib/gcc/avr/4.9.2/avr5\libgcc.a(_udivmodsi4.o)
 .text.libgcc.builtins
                0x00000000        0x0 c:/program files (x86)/atmel/studio/7.0/toolchain/avr8/avr8-gnu-toolchain/bin/../lib/gcc/avr/4.9.2/avr5\libgcc.a(_udivmodsi4.o)
 .text.libgcc.fmul
                0x00000000        0x0 c:/program files (x86)/atmel/studio/7.0/toolchain/avr8/avr8-gnu-toolchain/bin/../lib/gcc/avr/4.9.2/avr5\libgcc.a(_udivmodsi4.o)
 .text.libgcc.fixed
                0x00000000        0x0 c:/program files (x86)/atmel/studio/7.0/toolchain/avr8/avr8-gnu-toolchain/bin/../lib/gcc/avr/4.9.2/avr5\libgcc.a(_udivmodsi4.o)
 .text          0x00000000        0x0 c:/program files (x86)/atmel/studio/7.0/toolchain/avr8/avr8-gnu-toolchain/bin/../lib/gcc/avr/4.9.2/avr5\libgcc.a(_exit.o)
 .data          0x00000000        0x0 c:/program files (x86)/atmel/studio/7.0/toolchain/avr8/avr8-gnu-toolchain/bin/../lib/gcc/avr/4.9.2/avr5\libgcc.a(_exit.o)
 .bss           0x00000000        0x0 c:/program files (x86)/atmel/studio/7.0/toolchain/avr8/avr8-gnu-toolchain/bin/../lib/gcc/avr/4.9.2/avr5\libgcc.a(_exit.o)
 .text.libgcc.mul
                0x00000000        0x0 c:/program files (x86)/atmel/studio/7.0/toolchain/avr8/avr8-gnu-toolchain/bin/../lib/gcc/avr/4.9.2/avr5\libgcc.a(_exit.o)
 .text.libgcc.div
                0x00000000        0x0 c:/program files (x86)/atmel/studio/7.0/toolchain/avr8/avr8-gnu-toolchain/bin/../lib/gcc/avr/4.9.2/avr5\libgcc.a(_exit.o)
 .text.libgcc   0x00000000        0x0 c:/program files (x86)/atmel/studio/7.0/toolchain/avr8/avr8-gnu-toolchain/bin/../lib/gcc/avr/4.9.2/avr5\libgcc.a(_exit.o)
 .text.libgcc.prologue
                0x00000000        0x0 c:/program files (x86)/atmel/studio/7.0/toolchain/avr8/avr8-gnu-toolchain/bin/../lib/gcc/avr/4.9.2/avr5\libgcc.a(_exit.o)
 .text.libgcc.builtins
                0x00000000        0x0 c:/program files (x86)/atmel/studio/7.0/toolchain/avr8/avr8-gnu-toolchain/bin/../lib/gcc/avr/4.9.2/avr5\libgcc.a(_exit.o)
 .text.libgcc.fmul
                0x00000000        0x0 c:/program files (x86)/atmel/studio/7.0/toolchain/avr8/avr8-gnu-toolchain/bin/../lib/gcc/avr/4.9.2/avr5\libgcc.a(_exit.o)
 .text.libgcc.fixed
                0x00000000        0x0 c:/program files (x86)/atmel/studio/7.0/toolchain/avr8/avr8-gnu-toolchain/bin/../lib/gcc/avr/4.9.2/avr5\libgcc.a(_exit.o)
 .text          0x00000000        0x0 c:/program files (x86)/atmel/studio/7.0/toolchain/avr8/avr8-gnu-toolchain/bin/../lib/gcc/avr/4.9.2/avr5\libgcc.a(_clear_bss.o)
 .data          0x00000000        0x0 c:/program files (x86)/atmel/studio/7.0/toolchain/avr8/avr8-gnu-toolchain/bin/../lib/gcc/avr/4.9.2/avr5\libgcc.a(_clear_bss.o)
 .bss           0x00000000        0x0 c:/program files (x86)/atmel/studio/7.0/toolchain/avr8/avr8-gnu-toolchain/bin/../lib/gcc/avr/4.9.2/avr5\libgcc.a(_clear_bss.o)
 .text.libgcc.mul
                0x00000000        0x0 c:/program files (x86)/atmel/studio/7.0/toolchain/avr8/avr8-gnu-toolchain/bin/../lib/gcc/avr/4.9.2/avr5\libgcc.a(_clear_bss.o)
 .text.libgcc.div
                0x00000000        0x0 c:/program files (x86)/atmel/studio/7.0/toolchain/avr8/avr8-gnu-toolchain/bin/../lib/gcc/avr/4.9.2/avr5\libgcc.a(_clear_bss.o)
 .text.libgcc   0x00000000        0x0 c:/program files (x86)/atmel/studio/7.0/toolchain/avr8/avr8-gnu-toolchain/bin/../lib/gcc/avr/4.9.2/avr5\libgcc.a(_clear_bss.o)
 .text.libgcc.prologue
                0x00000000        0x0 c:/program files (x86)/atmel/studio/7.0/toolchain/avr8/avr8-gnu-toolchain/bin/../lib/gcc/avr/4.9.2/avr5\libgcc.a(_clear_bss.o)
 .text.libgcc.builtins
                0x00000000        0x0 c:/program files (x86)/atmel/studio/7.0/toolchain/avr8/avr8-gnu-toolchain/bin/../lib/gcc/avr/4.9.2/avr5\libgcc.a(_clear_bss.o)
 .text.libgcc.fmul
                0x00000000        0x0 c:/program files (x86)/atmel/studio/7.0/toolchain/avr8/avr8-gnu-toolchain/bin/../lib/gcc/avr/4.9.2/avr5\libgcc.a(_clear_bss.o)
 .text.libgcc.fixed
                0x00000000        0x0 c:/program files (x86)/atmel/studio/7.0/toolchain/avr8/avr8-gnu-toolchain/bin/../lib/gcc/avr/4.9.2/avr5\libgcc.a(_clear_bss.o)
 .text          0x00000000        0x0 c:/program files (x86)/atmel/studio/7.0/toolchain/avr8/avr8-gnu-toolchain/bin/../lib/gcc/avr/4.9.2/avr5\libgcc.a(_ctors.o)
 .data          0x00000000        0x0 c:/program files (x86)/atmel/studio/7.0/toolchain/avr8/avr8-gnu-toolchain/bin/../lib/gcc/avr/4.9.2/avr5\libgcc.a(_ctors.o)
 .bss           0x00000000        0x0 c:/program files (x86)/atmel/studio/7.0/toolchain/avr8/avr8-gnu-toolchain/bin/../lib/gcc/avr/4.9.2/avr5\libgcc.a(_ctors.o)
 .text.libgcc.mul
                0x00000000        0x0 c:/program files (x86)/atmel/studio/7.0/toolchain/avr8/avr8-gnu-toolchain/bin/../lib/gcc/avr/4.9.2/avr5\libgcc.a(_ctors.o)
 .text.libgcc.div
                0x00000000        0x0 c:/program files (x86)/atmel/studio/7.0/toolchain/avr8/avr8-gnu-toolchain/bin/../lib/gcc/avr/4.9.2/avr5\libgcc.a(_ctors.o)
 .text.libgcc   0x00000000        0x0 c:/program files (x86)/atmel/studio/7.0/toolchain/avr8/avr8-gnu-toolchain/bin/../lib/gcc/avr/4.9.2/avr5\libgcc.a(_ctors.o)
 .text.libgcc.prologue
                0x00000000        0x0 c:/program files (x86)/atmel/studio/7.0/toolchain/avr8/avr8-gnu-toolchain/bin/../lib/gcc/avr/4.9.2/avr5\libgcc.a(_ctors.o)
 .text.libgcc.builtins
                0x00000000        0x0 c:/program files (x86)/atmel/studio/7.0/toolchain/avr8/avr8-gnu-toolchain/bin/../lib/gcc/avr/4.9.2/avr5\libgcc.a(_ctors.o)
 .text.libgcc.fmul
                0x00000000        0x0 c:/program files (x86)/atmel/studio/7.0/toolchain/avr8/avr8-gnu-toolchain/bin/../lib/gcc/avr/4.9.2/avr5\libgcc.a(_ctors.o)
 .text.libgcc.fixed
                0x00000000        0x0 c:/program files (x86)/atmel/studio/7.0/toolchain/avr8/avr8-gnu-toolchain/bin/../lib/gcc/avr/4.9.2/avr5\libgcc.a(_ctors.o)
 .text          0x00000000        0x0 c:/program files (x86)/atmel/studio/7.0/toolchain/avr8/avr8-gnu-toolchain/bin/../lib/gcc/avr/4.9.2/avr5\libgcc.a(_umulhisi3.o)
 .data          0x00000000        0x0 c:/program files (x86)/atmel/studio/7.0/toolchain/avr8/avr8-gnu-toolchain/bin/../lib/gcc/avr/4.9.2/avr5\libgcc.a(_umulhisi3.o)
 .bss           0x00000000        0x0 c:/program files (x86)/atmel/studio/7.0/toolchain/avr8/avr8-gnu-toolchain/bin/../lib/gcc/avr/4.9.2/avr5\libgcc.a(_umulhisi3.o)
 .text.libgcc.mul
                0x00000000       0x1e c:/program files (x86)/atmel/studio/7.0/toolchain/avr8/avr8-gnu-toolchain/bin/../lib/gcc/avr/4.9.2/avr5\libgcc.a(_umulhisi3.o)
 .text.libgcc.div
                0x00000000        0x0 c:/program files (x86)/atmel/studio/7.0/toolchain/avr8/avr8-gnu-toolchain/bin/../lib/gcc/avr/4.9.2/avr5\libgcc.a(_umulhisi3.o)
 .text.libgcc   0x00000000        0x0 c:/program files (x86)/atmel/studio/7.0/toolchain/avr8/avr8-gnu-toolchain/bin/../lib/gcc/avr/4.9.2/avr5\libgcc.a(_umulhisi3.o)
 .text.libgcc.prologue
                0x00000000        0x0 c:/program files (x86)/atmel/studio/7.0/toolchain/avr8/avr8-gnu-toolchain/bin/../lib/gcc/avr/4.9.2/avr5\libgcc.a(_umulhisi3.o)
 .text.libgcc.builtins
                0x00000000        0x0 c:/program files (x86)/atmel/studio/7.0/toolchain/avr8/avr8-gnu-toolchain/bin/../lib/gcc/avr/4.9.2/avr5\libgcc.a(_umulhisi3.o)
 .text.libgcc.fmul
                0x00000000        0x0 c:/program files (x86)/atmel/studio/7.0/toolchain/avr8/avr8-gnu-toolchain/bin/../lib/gcc/avr/4.9.2/avr5\libgcc.a(_umulhisi3.o)
 .text.libgcc.fixed
                0x00000000        0x0 c:/program files (x86)/atmel/studio/7.0/toolchain/avr8/avr8-gnu-toolchain/bin/../lib/gcc/avr/4.9.2/avr5\libgcc.a(_umulhisi3.o)
 .text          0x00000000        0x0 c:/program files (x86)/atmel/studio/7.0/toolchain/avr8/avr8-gnu-toolchain/bin/../lib/gcc/avr/4.9.2/avr5\libgcc.a(_tablejump2.o)
 .data          0x00000000        0x0 c:/program files (x86)/atmel/studio/7.0/toolchain/avr8/avr8-gnu-toolchain/bin/../lib/gcc/avr/4.9.2/avr5\libgcc.a(_tablejump2.o)
 .bss           0x00000000        0x0 c:/program files (x86)/atmel/studio/7.0/toolchain/avr8/avr8-gnu-toolchain/bin/../lib/gcc/avr/4.9.2/avr5\libgcc.a(_tablejump2.o)
 .text.libgcc.mul
                0x00000000        0x0 c:/program files (x86)/atmel/studio/7.0/toolchain/avr8/avr8-gnu-toolchain/bin/../lib/gcc/avr/4.9.2/avr5\libgcc.a(_tablejump2.o)
 .text.libgcc.div
                0x00000000        0x0 c:/program files (x86)/atmel/studio/7.0/toolchain/avr8/avr8-gnu-toolchain/bin/../lib/gcc/avr/4.9.2/avr5\libgcc.a(_tablejump2.o)
 .text.libgcc.prologue
                0x00000000        0x0 c:/program files (x86)/atmel/studio/7.0/toolchain/avr8/avr8-gnu-toolchain/bin/../lib/gcc/avr/4.9.2/avr5\libgcc.a(_tablejump2.o)
 .text.libgcc.builtins
                0x00000000        0x0 c:/program files (x86)/atmel/studio/7.0/toolchain/avr8/avr8-gnu-toolchain/bin/../lib/gcc/avr/4.9.2/avr5\libgcc.a(_tablejump2.o)
 .text.libgcc.fmul
                0x00000000        0x0 c:/program files (x86)/atmel/studio/7.0/toolchain/avr8/avr8-gnu-toolchain/bin/../lib/gcc/avr/4.9.2/avr5\libgcc.a(_tablejump2.o)
 .text.libgcc.fixed
                0x00000000        0x0 c:/program files (x86)/atmel/studio/7.0/toolchain/avr8/avr8-gnu-toolchain/bin/../lib/gcc/avr/4.9.2/avr5\libgcc.a(_tablejump2.o)

Memory Configuration

Name             Origin             Length             Attributes
text             0x00000000         0x00020000         xr
data             0x00800060         0x0000ffa0         rw !x
eeprom           0x00810000         0x00010000         rw !x
fuse             0x00820000         0x00000400         rw !x
lock             0x00830000         0x00000400         rw !x
signature        0x00840000         0x00000400         rw !x
user_signatures  0x00850000         0x00000400         rw !x
*default*        0x00000000         0xffffffff

Linker script and memory map

Address of section .data set to 0x800100
LOAD C:/Program Files (x86)/Atmel/Studio/7.0/Packs/atmel/ATmega_DFP/1.0.106/gcc/dev/atmega328p/avr5/crtatmega328p.o
LOAD Sketch.o
LOAD src/TimerOne.o
START GROUP
LOAD c:/program files (x86)/atmel/studio/7.0/toolchain/avr8/avr8-gnu-toolchain/bin/../lib/gcc/avr/4.9.2/../../../../avr/lib/avr5\libm.a
LOAD C:\Users\virskl\Documents\GitHub\Timer\TimerOne\PWM\TimerOne_AtmelStudio\TimerOne\ArduinoCore\Debug\libArduinoCore.a
END GROUP
LOAD c:/program files (x86)/atmel/studio/7.0/toolchain/avr8/avr8-gnu-toolchain/bin/../lib/gcc/avr/4.9.2/avr5\libgcc.a
LOAD c:/program files (x86)/atmel/studio/7.0/toolchain/avr8/avr8-gnu-toolchain/bin/../lib/gcc/avr/4.9.2/../../../../avr/lib/avr5\libm.a
START GROUP
LOAD c:/program files (x86)/atmel/studio/7.0/toolchain/avr8/avr8-gnu-toolchain/bin/../lib/gcc/avr/4.9.2/avr5\libgcc.a
LOAD c:/program files (x86)/atmel/studio/7.0/toolchain/avr8/avr8-gnu-toolchain/bin/../lib/gcc/avr/4.9.2/../../../../avr/lib/avr5\libm.a
LOAD c:/program files (x86)/atmel/studio/7.0/toolchain/avr8/avr8-gnu-toolchain/bin/../lib/gcc/avr/4.9.2/../../../../avr/lib/avr5\libc.a
LOAD C:/Program Files (x86)/Atmel/Studio/7.0/Packs/atmel/ATmega_DFP/1.0.106/gcc/dev/atmega328p/avr5\libatmega328p.a
END GROUP
                0x00020000                __TEXT_REGION_LENGTH__ = DEFINED (__TEXT_REGION_LENGTH__)?__TEXT_REGION_LENGTH__:0x20000
                0x0000ffa0                __DATA_REGION_LENGTH__ = DEFINED (__DATA_REGION_LENGTH__)?__DATA_REGION_LENGTH__:0xffa0
                0x00010000                __EEPROM_REGION_LENGTH__ = DEFINED (__EEPROM_REGION_LENGTH__)?__EEPROM_REGION_LENGTH__:0x10000
                0x00000400                __FUSE_REGION_LENGTH__ = DEFINED (__FUSE_REGION_LENGTH__)?__FUSE_REGION_LENGTH__:0x400
                0x00000400                __LOCK_REGION_LENGTH__ = DEFINED (__LOCK_REGION_LENGTH__)?__LOCK_REGION_LENGTH__:0x400
                0x00000400                __SIGNATURE_REGION_LENGTH__ = DEFINED (__SIGNATURE_REGION_LENGTH__)?__SIGNATURE_REGION_LENGTH__:0x400
                0x00000400                __USER_SIGNATURE_REGION_LENGTH__ = DEFINED (__USER_SIGNATURE_REGION_LENGTH__)?__USER_SIGNATURE_REGION_LENGTH__:0x400

.hash
 *(.hash)

.dynsym
 *(.dynsym)

.dynstr
 *(.dynstr)

.gnu.version
 *(.gnu.version)

.gnu.version_d
 *(.gnu.version_d)

.gnu.version_r
 *(.gnu.version_r)

.rel.init
 *(.rel.init)

.rela.init
 *(.rela.init)

.rel.text
 *(.rel.text)
 *(.rel.text.*)
 *(.rel.gnu.linkonce.t*)

.rela.text
 *(.rela.text)
 *(.rela.text.*)
 *(.rela.gnu.linkonce.t*)

.rel.fini
 *(.rel.fini)

.rela.fini
 *(.rela.fini)

.rel.rodata
 *(.rel.rodata)
 *(.rel.rodata.*)
 *(.rel.gnu.linkonce.r*)

.rela.rodata
 *(.rela.rodata)
 *(.rela.rodata.*)
 *(.rela.gnu.linkonce.r*)

.rel.data
 *(.rel.data)
 *(.rel.data.*)
 *(.rel.gnu.linkonce.d*)

.rela.data
 *(.rela.data)
 *(.rela.data.*)
 *(.rela.gnu.linkonce.d*)

.rel.ctors
 *(.rel.ctors)

.rela.ctors
 *(.rela.ctors)

.rel.dtors
 *(.rel.dtors)

.rela.dtors
 *(.rela.dtors)

.rel.got
 *(.rel.got)

.rela.got
 *(.rela.got)

.rel.bss
 *(.rel.bss)

.rela.bss
 *(.rela.bss)

.rel.plt
 *(.rel.plt)

.rela.plt
 *(.rela.plt)

.text           0x00000000      0x482
 *(.vectors)
 .vectors       0x00000000       0x68 C:/Program Files (x86)/Atmel/Studio/7.0/Packs/atmel/ATmega_DFP/1.0.106/gcc/dev/atmega328p/avr5/crtatmega328p.o
                0x00000000                __vector_default
                0x00000000                __vectors
 *(.vectors)
 *(.progmem.gcc*)
                0x00000068                . = ALIGN (0x2)
                0x00000068                __trampolines_start = .
 *(.trampolines)
 .trampolines   0x00000068        0x0 linker stubs
 *(.trampolines*)
                0x00000068                __trampolines_end = .
 *libprintf_flt.a:*(.progmem.data)
 *libc.a:*(.progmem.data)
 *(.progmem*)
                0x00000068                . = ALIGN (0x2)
 *(.jumptables)
 *(.jumptables*)
 *(.lowtext)
 *(.lowtext*)
                0x00000068                __ctors_start = .
 *(.ctors)
 .ctors         0x00000068        0x2 src/TimerOne.o
                0x0000006a                __ctors_end = .
                0x0000006a                __dtors_start = .
 *(.dtors)
                0x0000006a                __dtors_end = .
 SORT(*)(.ctors)
 SORT(*)(.dtors)
 *(.init0)
 .init0         0x0000006a        0x0 C:/Program Files (x86)/Atmel/Studio/7.0/Packs/atmel/ATmega_DFP/1.0.106/gcc/dev/atmega328p/avr5/crtatmega328p.o
                0x0000006a                __init
 *(.init0)
 *(.init1)
 *(.init1)
 *(.init2)
 .init2         0x0000006a        0xc C:/Program Files (x86)/Atmel/Studio/7.0/Packs/atmel/ATmega_DFP/1.0.106/gcc/dev/atmega328p/avr5/crtatmega328p.o
 *(.init2)
 *(.init3)
 *(.init3)
 *(.init4)
 .init4         0x00000076       0x10 c:/program files (x86)/atmel/studio/7.0/toolchain/avr8/avr8-gnu-toolchain/bin/../lib/gcc/avr/4.9.2/avr5\libgcc.a(_clear_bss.o)
                0x00000076                __do_clear_bss
 *(.init4)
 *(.init5)
 *(.init5)
 *(.init6)
 .init6         0x00000086       0x16 c:/program files (x86)/atmel/studio/7.0/toolchain/avr8/avr8-gnu-toolchain/bin/../lib/gcc/avr/4.9.2/avr5\libgcc.a(_ctors.o)
                0x00000086                __do_global_ctors
 *(.init6)
 *(.init7)
 *(.init7)
 *(.init8)
 *(.init8)
 *(.init9)
 .init9         0x0000009c        0x8 C:/Program Files (x86)/Atmel/Studio/7.0/Packs/atmel/ATmega_DFP/1.0.106/gcc/dev/atmega328p/avr5/crtatmega328p.o
 *(.init9)
 *(.text)
 .text          0x000000a4        0x4 C:/Program Files (x86)/Atmel/Studio/7.0/Packs/atmel/ATmega_DFP/1.0.106/gcc/dev/atmega328p/avr5/crtatmega328p.o
                0x000000a4                __vector_22
                0x000000a4                __vector_1
                0x000000a4                __vector_24
                0x000000a4                __vector_12
                0x000000a4                __bad_interrupt
                0x000000a4                __vector_6
                0x000000a4                __vector_3
                0x000000a4                __vector_23
                0x000000a4                __vector_25
                0x000000a4                __vector_11
                0x000000a4                __vector_17
                0x000000a4                __vector_19
                0x000000a4                __vector_7
                0x000000a4                __vector_5
                0x000000a4                __vector_4
                0x000000a4                __vector_9
                0x000000a4                __vector_2
                0x000000a4                __vector_21
                0x000000a4                __vector_15
                0x000000a4                __vector_8
                0x000000a4                __vector_14
                0x000000a4                __vector_10
                0x000000a4                __vector_18
                0x000000a4                __vector_20
                0x000000a8                . = ALIGN (0x2)
 *(.text.*)
 .text.setup    0x000000a8       0x28 Sketch.o
                0x000000a8                setup
 .text.loop     0x000000d0        0x2 Sketch.o
                0x000000d0                loop
 .text.__tcf_0  0x000000d2        0x2 src/TimerOne.o
 .text._ZN8TimerOne8instanceEv
                0x000000d4       0x2c src/TimerOne.o
                0x000000d4                _ZN8TimerOne8instanceEv
 .text._ZN8TimerOne9setPeriodEm
                0x00000100       0xde src/TimerOne.o
                0x00000100                _ZN8TimerOne9setPeriodEm
 .text._ZN8TimerOne5startEv
                0x000001de       0x5a src/TimerOne.o
                0x000001de                _ZN8TimerOne5startEv
 .text._ZN8TimerOne15attachInterruptEPFvvE
                0x00000238       0x26 src/TimerOne.o
                0x00000238                _ZN8TimerOne15attachInterruptEPFvvE
 .text._ZN8TimerOne4initElPFvvE
                0x0000025e       0x82 src/TimerOne.o
                0x0000025e                _ZN8TimerOne4initElPFvvE
 .text.__vector_13
                0x000002e0       0x54 src/TimerOne.o
                0x000002e0                __vector_13
 .text.startup._GLOBAL__sub_I_Timer1
                0x00000334        0xe src/TimerOne.o
 .text.atexit   0x00000342        0x6 C:\Users\virskl\Documents\GitHub\Timer\TimerOne\PWM\TimerOne_AtmelStudio\TimerOne\ArduinoCore\Debug\libArduinoCore.a(main.o)
                0x00000342                atexit
 .text.initVariant
                0x00000348        0x2 C:\Users\virskl\Documents\GitHub\Timer\TimerOne\PWM\TimerOne_AtmelStudio\TimerOne\ArduinoCore\Debug\libArduinoCore.a(main.o)
                0x00000348                initVariant
 .text.startup.main
                0x0000034a       0x1e C:\Users\virskl\Documents\GitHub\Timer\TimerOne\PWM\TimerOne_AtmelStudio\TimerOne\ArduinoCore\Debug\libArduinoCore.a(main.o)
                0x0000034a                main
 .text.__vector_16
                0x00000368       0x94 C:\Users\virskl\Documents\GitHub\Timer\TimerOne\PWM\TimerOne_AtmelStudio\TimerOne\ArduinoCore\Debug\libArduinoCore.a(wiring.o)
                0x00000368                __vector_16
 .text.init     0x000003fc       0x76 C:\Users\virskl\Documents\GitHub\Timer\TimerOne\PWM\TimerOne_AtmelStudio\TimerOne\ArduinoCore\Debug\libArduinoCore.a(wiring.o)
                0x000003fc                init
 .text.libgcc   0x00000472        0xc c:/program files (x86)/atmel/studio/7.0/toolchain/avr8/avr8-gnu-toolchain/bin/../lib/gcc/avr/4.9.2/avr5\libgcc.a(_tablejump2.o)
                0x00000472                __tablejump2__
                0x0000047e                . = ALIGN (0x2)
 *(.fini9)
 .fini9         0x0000047e        0x0 c:/program files (x86)/atmel/studio/7.0/toolchain/avr8/avr8-gnu-toolchain/bin/../lib/gcc/avr/4.9.2/avr5\libgcc.a(_exit.o)
                0x0000047e                _exit
                0x0000047e                exit
 *(.fini9)
 *(.fini8)
 *(.fini8)
 *(.fini7)
 *(.fini7)
 *(.fini6)
 *(.fini6)
 *(.fini5)
 *(.fini5)
 *(.fini4)
 *(.fini4)
 *(.fini3)
 *(.fini3)
 *(.fini2)
 *(.fini2)
 *(.fini1)
 *(.fini1)
 *(.fini0)
 .fini0         0x0000047e        0x4 c:/program files (x86)/atmel/studio/7.0/toolchain/avr8/avr8-gnu-toolchain/bin/../lib/gcc/avr/4.9.2/avr5\libgcc.a(_exit.o)
 *(.fini0)
                0x00000482                _etext = .

.data           0x00800100        0x0 load address 0x00000482
                [!provide]                PROVIDE (__data_start, .)
 *(.data)
 *(.data*)
 *(.rodata)
 *(.rodata*)
 *(.gnu.linkonce.d*)
                0x00800100                . = ALIGN (0x2)
                0x00800100                _edata = .
                [!provide]                PROVIDE (__data_end, .)

.bss            0x00800100       0x19
                0x00800100                PROVIDE (__bss_start, .)
 *(.bss)
 *(.bss*)
 .bss._ZZN8TimerOne8instanceEvE17SingletonInstance
                0x00800100        0x6 src/TimerOne.o
 .bss._ZGVZN8TimerOne8instanceEvE17SingletonInstance
                0x00800106        0x8 src/TimerOne.o
 .bss.Timer1    0x0080010e        0x2 src/TimerOne.o
                0x0080010e                Timer1
 .bss.timer0_fract
                0x00800110        0x1 C:\Users\virskl\Documents\GitHub\Timer\TimerOne\PWM\TimerOne_AtmelStudio\TimerOne\ArduinoCore\Debug\libArduinoCore.a(wiring.o)
 .bss.timer0_millis
                0x00800111        0x4 C:\Users\virskl\Documents\GitHub\Timer\TimerOne\PWM\TimerOne_AtmelStudio\TimerOne\ArduinoCore\Debug\libArduinoCore.a(wiring.o)
                0x00800111                timer0_millis
 .bss.timer0_overflow_count
                0x00800115        0x4 C:\Users\virskl\Documents\GitHub\Timer\TimerOne\PWM\TimerOne_AtmelStudio\TimerOne\ArduinoCore\Debug\libArduinoCore.a(wiring.o)
                0x00800115                timer0_overflow_count
 *(COMMON)
                0x00800119                PROVIDE (__bss_end, .)
                0x00000482                __data_load_start = LOADADDR (.data)
                0x00000482                __data_load_end = (__data_load_start + SIZEOF (.data))

.noinit         0x00800119        0x0
                [!provide]                PROVIDE (__noinit_start, .)
 *(.noinit*)
                [!provide]                PROVIDE (__noinit_end, .)
                0x00800119                _end = .
                [!provide]                PROVIDE (__heap_start, .)

.eeprom         0x00810000        0x0
 *(.eeprom*)
                0x00810000                __eeprom_end = .

.fuse
 *(.fuse)
 *(.lfuse)
 *(.hfuse)
 *(.efuse)

.lock
 *(.lock*)

.signature
 *(.signature*)

.user_signatures
 *(.user_signatures*)

.stab
 *(.stab)

.stabstr
 *(.stabstr)

.stab.excl
 *(.stab.excl)

.stab.exclstr
 *(.stab.exclstr)

.stab.index
 *(.stab.index)

.stab.indexstr
 *(.stab.indexstr)

.comment        0x00000000       0x30
 *(.comment)
 .comment       0x00000000       0x30 Sketch.o
                                 0x31 (size before relaxing)
 .comment       0x00000030       0x31 src/TimerOne.o
 .comment       0x00000030       0x31 C:\Users\virskl\Documents\GitHub\Timer\TimerOne\PWM\TimerOne_AtmelStudio\TimerOne\ArduinoCore\Debug\libArduinoCore.a(main.o)
 .comment       0x00000030       0x31 C:\Users\virskl\Documents\GitHub\Timer\TimerOne\PWM\TimerOne_AtmelStudio\TimerOne\ArduinoCore\Debug\libArduinoCore.a(wiring.o)

.note.gnu.avr.deviceinfo
                0x00000000       0x40
 .note.gnu.avr.deviceinfo
                0x00000000       0x40 C:/Program Files (x86)/Atmel/Studio/7.0/Packs/atmel/ATmega_DFP/1.0.106/gcc/dev/atmega328p/avr5/crtatmega328p.o

.note.gnu.build-id
 *(.note.gnu.build-id)

.debug
 *(.debug)

.line
 *(.line)

.debug_srcinfo
 *(.debug_srcinfo)

.debug_sfnames
 *(.debug_sfnames)

.debug_aranges  0x00000000      0x140
 *(.debug_aranges)
 .debug_aranges
                0x00000000       0x28 Sketch.o
 .debug_aranges
                0x00000028       0xa0 src/TimerOne.o
 .debug_aranges
                0x000000c8       0x30 C:\Users\virskl\Documents\GitHub\Timer\TimerOne\PWM\TimerOne_AtmelStudio\TimerOne\ArduinoCore\Debug\libArduinoCore.a(main.o)
 .debug_aranges
                0x000000f8       0x48 C:\Users\virskl\Documents\GitHub\Timer\TimerOne\PWM\TimerOne_AtmelStudio\TimerOne\ArduinoCore\Debug\libArduinoCore.a(wiring.o)

.debug_pubnames
 *(.debug_pubnames)

.debug_info     0x00000000     0x1777
 *(.debug_info .gnu.linkonce.wi.*)
 .debug_info    0x00000000      0x4d2 Sketch.o
 .debug_info    0x000004d2      0xdf8 src/TimerOne.o
 .debug_info    0x000012ca      0x1f0 C:\Users\virskl\Documents\GitHub\Timer\TimerOne\PWM\TimerOne_AtmelStudio\TimerOne\ArduinoCore\Debug\libArduinoCore.a(main.o)
 .debug_info    0x000014ba      0x2bd C:\Users\virskl\Documents\GitHub\Timer\TimerOne\PWM\TimerOne_AtmelStudio\TimerOne\ArduinoCore\Debug\libArduinoCore.a(wiring.o)

.debug_abbrev   0x00000000      0x7c4
 *(.debug_abbrev)
 .debug_abbrev  0x00000000      0x1a0 Sketch.o
 .debug_abbrev  0x000001a0      0x408 src/TimerOne.o
 .debug_abbrev  0x000005a8       0xd7 C:\Users\virskl\Documents\GitHub\Timer\TimerOne\PWM\TimerOne_AtmelStudio\TimerOne\ArduinoCore\Debug\libArduinoCore.a(main.o)
 .debug_abbrev  0x0000067f      0x145 C:\Users\virskl\Documents\GitHub\Timer\TimerOne\PWM\TimerOne_AtmelStudio\TimerOne\ArduinoCore\Debug\libArduinoCore.a(wiring.o)

.debug_line     0x00000000      0xbc4
 *(.debug_line .debug_line.* .debug_line_end)
 .debug_line    0x00000000      0x12e Sketch.o
 .debug_line    0x0000012e      0x6ae src/TimerOne.o
 .debug_line    0x000007dc      0x159 C:\Users\virskl\Documents\GitHub\Timer\TimerOne\PWM\TimerOne_AtmelStudio\TimerOne\ArduinoCore\Debug\libArduinoCore.a(main.o)
 .debug_line    0x00000935      0x28f C:\Users\virskl\Documents\GitHub\Timer\TimerOne\PWM\TimerOne_AtmelStudio\TimerOne\ArduinoCore\Debug\libArduinoCore.a(wiring.o)

.debug_frame    0x00000000      0x2fc
 *(.debug_frame)
 .debug_frame   0x00000000       0x40 Sketch.o
 .debug_frame   0x00000040      0x1bc src/TimerOne.o
 .debug_frame   0x000001fc       0x44 C:\Users\virskl\Documents\GitHub\Timer\TimerOne\PWM\TimerOne_AtmelStudio\TimerOne\ArduinoCore\Debug\libArduinoCore.a(main.o)
 .debug_frame   0x00000240       0xbc C:\Users\virskl\Documents\GitHub\Timer\TimerOne\PWM\TimerOne_AtmelStudio\TimerOne\ArduinoCore\Debug\libArduinoCore.a(wiring.o)

.debug_str      0x00000000      0x8f7
 *(.debug_str)
 .debug_str     0x00000000      0x580 Sketch.o
                                0x63f (size before relaxing)
 .debug_str     0x00000580      0x176 src/TimerOne.o
                                0x7a7 (size before relaxing)
 .debug_str     0x000006f6       0xb2 C:\Users\virskl\Documents\GitHub\Timer\TimerOne\PWM\TimerOne_AtmelStudio\TimerOne\ArduinoCore\Debug\libArduinoCore.a(main.o)
                                0x260 (size before relaxing)
 .debug_str     0x000007a8      0x14f C:\Users\virskl\Documents\GitHub\Timer\TimerOne\PWM\TimerOne_AtmelStudio\TimerOne\ArduinoCore\Debug\libArduinoCore.a(wiring.o)
                                0x243 (size before relaxing)

.debug_loc      0x00000000      0xf00
 *(.debug_loc)
 .debug_loc     0x00000000       0x2f Sketch.o
 .debug_loc     0x0000002f      0xc62 src/TimerOne.o
 .debug_loc     0x00000c91       0x26 C:\Users\virskl\Documents\GitHub\Timer\TimerOne\PWM\TimerOne_AtmelStudio\TimerOne\ArduinoCore\Debug\libArduinoCore.a(main.o)
 .debug_loc     0x00000cb7      0x249 C:\Users\virskl\Documents\GitHub\Timer\TimerOne\PWM\TimerOne_AtmelStudio\TimerOne\ArduinoCore\Debug\libArduinoCore.a(wiring.o)

.debug_macinfo
 *(.debug_macinfo)

.debug_weaknames
 *(.debug_weaknames)

.debug_funcnames
 *(.debug_funcnames)

.debug_typenames
 *(.debug_typenames)

.debug_varnames
 *(.debug_varnames)

.debug_pubtypes
 *(.debug_pubtypes)

.debug_ranges   0x00000000      0x130
 *(.debug_ranges)
 .debug_ranges  0x00000000       0x18 Sketch.o
 .debug_ranges  0x00000018       0xc0 src/TimerOne.o
 .debug_ranges  0x000000d8       0x20 C:\Users\virskl\Documents\GitHub\Timer\TimerOne\PWM\TimerOne_AtmelStudio\TimerOne\ArduinoCore\Debug\libArduinoCore.a(main.o)
 .debug_ranges  0x000000f8       0x38 C:\Users\virskl\Documents\GitHub\Timer\TimerOne\PWM\TimerOne_AtmelStudio\TimerOne\ArduinoCore\Debug\libArduinoCore.a(wiring.o)

.debug_macro
 *(.debug_macro)
OUTPUT(TimerOne.elf elf32-avr)
LOAD linker stubs
